func (b *SampleTypeBuilder) V() domain.SampleType {
	return *b.instance
}
