func (b *SampleTypeBuilder) P() *domain.SampleType {
	return b.instance
}
