type SampleTypeBuilder struct {
	instance *SampleType
}

func NewSampleType() *SampleTypeBuilder {
	return &SampleTypeBuilder{
		instance: &SampleType{},
	}
}
