type SampleTypeBuilder struct {
	instance *domain.SampleType
}

func SampleType() *SampleTypeBuilder {
	return &SampleTypeBuilder{
		instance: &domain.SampleType{},
	}
}
