func (b *SampleTypeBuilder) Foo(v string) *SampleTypeBuilder {
	b.instance.Foo = v
	return b
}
