func (b *SampleTypeBuilder) V() SampleType {
	return *b.instance
}
